../Core/Src/main.c:89:5:main	8	static
../Core/Src/main.c:159:6:SystemClock_Config	128	static
../Core/Src/main.c:211:13:MX_ADC1_Init	48	static
../Core/Src/main.c:277:13:MX_I2C1_Init	8	static
../Core/Src/main.c:325:13:MX_SPI1_Init	8	static
../Core/Src/main.c:365:13:MX_TIM2_Init	40	static
../Core/Src/main.c:410:13:MX_TIM3_Init	64	static
../Core/Src/main.c:469:13:MX_USART3_UART_Init	8	static
../Core/Src/main.c:504:13:MX_USB_PCD_Init	8	static
../Core/Src/main.c:535:13:MX_GPIO_Init	56	static
../Core/Src/main.c:653:6:Error_Handler	4	static,ignoring_inline_asm
