../Core/Src/main.c:89:5:main	8	static
../Core/Src/main.c:167:6:SystemClock_Config	128	static
../Core/Src/main.c:219:13:MX_ADC1_Init	48	static
../Core/Src/main.c:285:13:MX_I2C1_Init	8	static
../Core/Src/main.c:333:13:MX_SPI1_Init	8	static
../Core/Src/main.c:373:13:MX_TIM2_Init	40	static
../Core/Src/main.c:418:13:MX_TIM3_Init	64	static
../Core/Src/main.c:477:13:MX_USART3_UART_Init	8	static
../Core/Src/main.c:512:13:MX_USB_PCD_Init	8	static
../Core/Src/main.c:543:13:MX_GPIO_Init	56	static
../Core/Src/main.c:661:6:Error_Handler	4	static,ignoring_inline_asm
