../Core/Src/program.c:35:6:PWM_Change_Tone	40	static
../Core/Src/program.c:61:6:turn_on_leds	8	static
../Core/Src/program.c:110:6:sin_signal	32	static
../Core/Src/program.c:118:6:square_signal	24	static
../Core/Src/program.c:139:6:triangle_signal	24	static
../Core/Src/program.c:179:6:seven_segment_display_decimal	16	static
../Core/Src/program.c:189:6:seven_segment_deactivate_digits	16	static
../Core/Src/program.c:196:6:seven_segment_activate_digit	16	static
../Core/Src/program.c:218:6:seven_segment_set_num	24	static
../Core/Src/program.c:224:6:seven_segment_refresh	8	static
../Core/Src/program.c:242:6:programInit	8	static
../Core/Src/program.c:247:6:programLoop	8	static
../Core/Src/program.c:284:6:event	24	static
../Core/Src/program.c:294:6:setSegment	24	static
../Core/Src/program.c:322:6:setNumber	48	static
../Core/Src/program.c:344:6:HAL_GPIO_EXTI_Callback	16	static
../Core/Src/program.c:398:6:HAL_ADC_ConvCpltCallback	152	static
../Core/Src/program.c:428:6:HAL_TIM_PeriodElapsedCallback	24	static
../Core/Src/program.c:447:6:playAlarm	8	static
../Core/Src/program.c:464:6:checkBrightness	8	static
../Core/Src/program.c:491:6:displayBR	8	static
