../Core/Src/program.c:30:6:PWM_Change_Tone	40	static
../Core/Src/program.c:51:6:sin_signal	32	static
../Core/Src/program.c:59:6:square_signal	24	static
../Core/Src/program.c:80:6:triangle_signal	24	static
../Core/Src/program.c:121:6:seven_segment_display_decimal	16	static
../Core/Src/program.c:131:6:seven_segment_deactivate_digits	16	static
../Core/Src/program.c:138:6:seven_segment_activate_digit	16	static
../Core/Src/program.c:160:6:seven_segment_set_num	24	static
../Core/Src/program.c:166:6:seven_segment_refresh	8	static
../Core/Src/program.c:184:6:programInit	8	static
../Core/Src/program.c:189:6:programLoop	8	static
../Core/Src/program.c:226:6:event	24	static
../Core/Src/program.c:236:6:setSegment	24	static
../Core/Src/program.c:264:6:setNumber	32	static
../Core/Src/program.c:284:6:HAL_GPIO_EXTI_Callback	16	static
../Core/Src/program.c:336:6:HAL_ADC_ConvCpltCallback	136	static
