../Core/Src/program.c:37:6:PWM_Change_Tone	40	static
../Core/Src/program.c:63:6:turn_on_leds	8	static
../Core/Src/program.c:112:6:turn_off_leds	8	static
../Core/Src/program.c:129:6:sin_signal	32	static
../Core/Src/program.c:137:6:square_signal	24	static
../Core/Src/program.c:158:6:triangle_signal	24	static
../Core/Src/program.c:198:6:seven_segment_display_decimal	16	static
../Core/Src/program.c:208:6:seven_segment_deactivate_digits	16	static
../Core/Src/program.c:215:6:seven_segment_activate_digit	16	static
../Core/Src/program.c:237:6:seven_segment_set_num	24	static
../Core/Src/program.c:243:6:seven_segment_refresh	8	static
../Core/Src/program.c:261:6:programInit	8	static
../Core/Src/program.c:266:6:programLoop	8	static
../Core/Src/program.c:303:6:event	24	static
../Core/Src/program.c:313:6:setSegment	24	static
../Core/Src/program.c:341:6:setNumber	48	static
../Core/Src/program.c:363:6:HAL_GPIO_EXTI_Callback	16	static
../Core/Src/program.c:419:6:HAL_ADC_ConvCpltCallback	152	static
../Core/Src/program.c:450:6:HAL_TIM_PeriodElapsedCallback	136	static
../Core/Src/program.c:483:6:playAlarm	8	static
../Core/Src/program.c:500:6:checkBrightness	8	static
../Core/Src/program.c:521:6:init_program	4	static
../Core/Src/program.c:525:6:displayBR	8	static
