../Core/Src/program.c:37:6:PWM_Change_Tone	40	static
../Core/Src/program.c:63:6:turn_on_leds	4	static
../Core/Src/program.c:107:6:turn_off_leds	8	static
../Core/Src/program.c:124:6:sin_signal	32	static
../Core/Src/program.c:132:6:square_signal	24	static
../Core/Src/program.c:153:6:triangle_signal	24	static
../Core/Src/program.c:193:6:seven_segment_display_decimal	16	static
../Core/Src/program.c:203:6:seven_segment_deactivate_digits	16	static
../Core/Src/program.c:210:6:seven_segment_activate_digit	16	static
../Core/Src/program.c:232:6:seven_segment_set_num	24	static
../Core/Src/program.c:238:6:seven_segment_refresh	8	static
../Core/Src/program.c:258:6:programContinue	8	static
../Core/Src/program.c:262:6:programLoop	8	static
../Core/Src/program.c:291:6:setSegment	24	static
../Core/Src/program.c:319:6:setNumber	48	static
../Core/Src/program.c:341:6:HAL_GPIO_EXTI_Callback	16	static
../Core/Src/program.c:409:6:HAL_ADC_ConvCpltCallback	152	static
../Core/Src/program.c:438:6:HAL_TIM_PeriodElapsedCallback	136	static
../Core/Src/program.c:472:6:playAlarm	8	static
../Core/Src/program.c:485:6:checkBrightness	8	static
../Core/Src/program.c:506:6:programInit	8	static
