../Core/Src/program.c:34:6:set_start_time	48	static
../Core/Src/program.c:57:6:PWM_Change_Tone	40	static
../Core/Src/program.c:83:6:turn_on_leds	4	static
../Core/Src/program.c:127:6:turn_off_leds	8	static
../Core/Src/program.c:144:6:sin_signal	32	static
../Core/Src/program.c:152:6:square_signal	24	static
../Core/Src/program.c:173:6:triangle_signal	24	static
../Core/Src/program.c:213:6:seven_segment_display_decimal	16	static
../Core/Src/program.c:223:6:seven_segment_deactivate_digits	16	static
../Core/Src/program.c:230:6:seven_segment_activate_digit	16	static
../Core/Src/program.c:252:6:seven_segment_set_num	24	static
../Core/Src/program.c:258:6:seven_segment_refresh	8	static
../Core/Src/program.c:278:6:programContinue	8	static
../Core/Src/program.c:282:6:programLoop	8	static
../Core/Src/program.c:286:6:setSegment	24	static
../Core/Src/program.c:314:6:setNumber	48	static
../Core/Src/program.c:336:6:HAL_GPIO_EXTI_Callback	168	static
../Core/Src/program.c:426:6:HAL_ADC_ConvCpltCallback	152	static
../Core/Src/program.c:455:6:HAL_TIM_PeriodElapsedCallback	136	static
../Core/Src/program.c:491:6:playAlarm	8	static
../Core/Src/program.c:502:6:checkBrightness	120	static
../Core/Src/program.c:530:6:programInit	120	static
../Core/Src/program.c:555:6:uart_rx_enable_it	8	static
../Core/Src/program.c:559:6:HAL_UART_RxCpltCallback	208	static
