../Core/Src/program.c:38:6:PWM_Change_Tone	40	static
../Core/Src/program.c:64:6:turn_on_leds	4	static
../Core/Src/program.c:108:6:turn_off_leds	8	static
../Core/Src/program.c:125:6:sin_signal	32	static
../Core/Src/program.c:133:6:square_signal	24	static
../Core/Src/program.c:154:6:triangle_signal	24	static
../Core/Src/program.c:194:6:seven_segment_display_decimal	16	static
../Core/Src/program.c:204:6:seven_segment_deactivate_digits	16	static
../Core/Src/program.c:211:6:seven_segment_activate_digit	16	static
../Core/Src/program.c:233:6:seven_segment_set_num	24	static
../Core/Src/program.c:239:6:seven_segment_refresh	8	static
../Core/Src/program.c:259:6:programContinue	8	static
../Core/Src/program.c:263:6:programLoop	8	static
../Core/Src/program.c:267:6:setSegment	24	static
../Core/Src/program.c:295:6:setNumber	48	static
../Core/Src/program.c:317:6:HAL_GPIO_EXTI_Callback	120	static
../Core/Src/program.c:390:6:HAL_ADC_ConvCpltCallback	152	static
../Core/Src/program.c:419:6:HAL_TIM_PeriodElapsedCallback	136	static
../Core/Src/program.c:455:6:playAlarm	8	static
../Core/Src/program.c:466:6:checkBrightness	8	static
../Core/Src/program.c:487:6:programInit	112	static
../Core/Src/program.c:507:6:uart_rx_enable_it	8	static
../Core/Src/program.c:511:6:HAL_UART_RxCpltCallback	200	static
