../Core/Src/program.c:44:6:seven_segment_display_decimal	16	static
../Core/Src/program.c:59:6:seven_segment_deactivate_digits	16	static
../Core/Src/program.c:67:6:seven_segment_activate_digit	16	static
../Core/Src/program.c:81:6:seven_segment_set_num	24	static
../Core/Src/program.c:87:6:seven_segment_refresh	8	static
../Core/Src/program.c:105:6:programInit	8	static
../Core/Src/program.c:110:6:programLoop	8	static
../Core/Src/program.c:147:6:event	32	static
../Core/Src/program.c:170:6:HAL_GPIO_EXTI_Callback	16	static
../Core/Src/program.c:211:6:HAL_ADC_ConvCpltCallback	136	static
../Core/Src/program.c:228:6:HAL_TIM_PeriodElapsedCallback	16	static
