../Core/Src/program.c:30:6:PWM_Change_Tone	40	static
../Core/Src/program.c:51:6:sin_signal	32	static
../Core/Src/program.c:59:6:square_signal	24	static
../Core/Src/program.c:80:6:triangle_signal	24	static
../Core/Src/program.c:122:6:seven_segment_display_decimal	16	static
../Core/Src/program.c:133:6:seven_segment_deactivate_digits	16	static
../Core/Src/program.c:140:6:seven_segment_activate_digit	16	static
../Core/Src/program.c:153:6:seven_segment_set_num	24	static
../Core/Src/program.c:159:6:seven_segment_refresh	8	static
../Core/Src/program.c:177:6:programInit	8	static
../Core/Src/program.c:182:6:programLoop	8	static
../Core/Src/program.c:219:6:event	24	static
../Core/Src/program.c:231:6:HAL_GPIO_EXTI_Callback	16	static
../Core/Src/program.c:286:6:HAL_ADC_ConvCpltCallback	136	static
