../Core/Src/program.c:34:6:set_start_time	48	static
../Core/Src/program.c:63:6:PWM_Change_Tone	40	static
../Core/Src/program.c:89:6:turn_on_leds	4	static
../Core/Src/program.c:133:6:turn_off_leds	8	static
../Core/Src/program.c:150:6:sin_signal	32	static
../Core/Src/program.c:158:6:square_signal	24	static
../Core/Src/program.c:179:6:triangle_signal	24	static
../Core/Src/program.c:216:6:seven_segment_display_decimal	16	static
../Core/Src/program.c:226:6:seven_segment_deactivate_digits	16	static
../Core/Src/program.c:233:6:seven_segment_activate_digit	16	static
../Core/Src/program.c:255:6:seven_segment_set_num	24	static
../Core/Src/program.c:261:6:seven_segment_refresh	8	static
../Core/Src/program.c:285:6:programLoop	8	static
../Core/Src/program.c:291:6:setSegment	24	static
../Core/Src/program.c:319:6:setNumber	48	static
../Core/Src/program.c:341:6:HAL_GPIO_EXTI_Callback	168	static
../Core/Src/program.c:431:6:HAL_ADC_ConvCpltCallback	152	static
../Core/Src/program.c:460:6:HAL_TIM_PeriodElapsedCallback	16	static
../Core/Src/program.c:498:6:playAlarm	8	static
../Core/Src/program.c:509:6:checkBrightness	120	static
../Core/Src/program.c:537:6:programInit	112	static
../Core/Src/program.c:559:6:uart_rx_enable_it	8	static
../Core/Src/program.c:563:6:HAL_UART_RxCpltCallback	256	static
