../Core/Src/stm32f3xx_hal_msp.c:65:6:HAL_MspInit	16	static
../Core/Src/stm32f3xx_hal_msp.c:89:6:HAL_ADC_MspInit	56	static
../Core/Src/stm32f3xx_hal_msp.c:149:6:HAL_ADC_MspDeInit	16	static
../Core/Src/stm32f3xx_hal_msp.c:198:6:HAL_I2C_MspInit	48	static
../Core/Src/stm32f3xx_hal_msp.c:234:6:HAL_I2C_MspDeInit	16	static
../Core/Src/stm32f3xx_hal_msp.c:265:6:HAL_RTC_MspInit	24	static,ignoring_inline_asm
../Core/Src/stm32f3xx_hal_msp.c:287:6:HAL_RTC_MspDeInit	24	static,ignoring_inline_asm
../Core/Src/stm32f3xx_hal_msp.c:309:6:HAL_SPI_MspInit	48	static
../Core/Src/stm32f3xx_hal_msp.c:346:6:HAL_SPI_MspDeInit	16	static
../Core/Src/stm32f3xx_hal_msp.c:376:6:HAL_TIM_Base_MspInit	32	static
../Core/Src/stm32f3xx_hal_msp.c:437:6:HAL_TIM_PWM_MspInit	24	static
../Core/Src/stm32f3xx_hal_msp.c:453:6:HAL_TIM_MspPostInit	56	static
../Core/Src/stm32f3xx_hal_msp.c:545:6:HAL_TIM_Base_MspDeInit	16	static
../Core/Src/stm32f3xx_hal_msp.c:606:6:HAL_TIM_PWM_MspDeInit	16	static
../Core/Src/stm32f3xx_hal_msp.c:628:6:HAL_UART_MspInit	48	static
../Core/Src/stm32f3xx_hal_msp.c:667:6:HAL_UART_MspDeInit	16	static
../Core/Src/stm32f3xx_hal_msp.c:698:6:HAL_PCD_MspInit	48	static
../Core/Src/stm32f3xx_hal_msp.c:734:6:HAL_PCD_MspDeInit	16	static
