../Core/Src/main.c:88:6:set_alert_time	24	static
../Core/Src/main.c:96:6:turn_on_leds	8	static
../Core/Src/main.c:108:6:turn_off_leds	8	static
../Core/Src/main.c:123:6:PWM_Start	8	static
../Core/Src/main.c:128:6:set_start_time	32	static
../Core/Src/main.c:136:6:PWM_Change_Tone	40	static
../Core/Src/main.c:157:6:HAL_TIM_PeriodElapsedCallback	16	static
../Core/Src/main.c:180:6:check_time_fire	16	static
../Core/Src/main.c:190:6:HAL_GPIO_EXTI_Callback	16	static
../Core/Src/main.c:202:6:uart_rx_enable_it	8	static
../Core/Src/main.c:207:6:HAL_UART_RxCpltCallback	48	static
../Core/Src/main.c:256:5:main	128	static
../Core/Src/main.c:333:6:SystemClock_Config	128	static
../Core/Src/main.c:387:13:MX_I2C1_Init	8	static
../Core/Src/main.c:435:13:MX_RTC_Init	32	static
../Core/Src/main.c:498:13:MX_SPI1_Init	8	static
../Core/Src/main.c:538:13:MX_TIM2_Init	40	static
../Core/Src/main.c:583:13:MX_TIM3_Init	64	static
../Core/Src/main.c:642:13:MX_USART3_UART_Init	8	static
../Core/Src/main.c:677:13:MX_USB_PCD_Init	8	static
../Core/Src/main.c:708:13:MX_GPIO_Init	48	static
../Core/Src/main.c:761:6:Error_Handler	4	static,ignoring_inline_asm
