../Core/Src/main.c:80:6:uart_rx_enable_it	8	static
../Core/Src/main.c:97:6:turn_off_leds	16	static
../Core/Src/main.c:103:5:getString	120	static
../Core/Src/main.c:127:6:HAL_UART_RxCpltCallback	40	static
../Core/Src/main.c:172:6:HAL_GPIO_EXTI_Callback	16	static
../Core/Src/main.c:187:6:HAL_TIM_PeriodElapsedCallback	24	static
../Core/Src/main.c:223:5:main	8	static
../Core/Src/main.c:276:6:SystemClock_Config	128	static
../Core/Src/main.c:327:13:MX_I2C1_Init	8	static
../Core/Src/main.c:375:13:MX_TIM1_Init	40	static
../Core/Src/main.c:422:13:MX_USART2_UART_Init	8	static
../Core/Src/main.c:457:13:MX_GPIO_Init	56	static
../Core/Src/main.c:571:6:Error_Handler	4	static,ignoring_inline_asm
