../Core/Src/main.c:79:6:uart_rx_enable_it	8	static
../Core/Src/main.c:96:6:turn_off_leds	16	static
../Core/Src/main.c:102:5:getString	120	static
../Core/Src/main.c:126:6:HAL_UART_RxCpltCallback	40	static
../Core/Src/main.c:170:6:HAL_GPIO_EXTI_Callback	16	static
../Core/Src/main.c:185:6:HAL_TIM_PeriodElapsedCallback	24	static
../Core/Src/main.c:221:5:main	8	static
../Core/Src/main.c:274:6:SystemClock_Config	128	static
../Core/Src/main.c:325:13:MX_I2C1_Init	8	static
../Core/Src/main.c:373:13:MX_TIM1_Init	40	static
../Core/Src/main.c:420:13:MX_USART2_UART_Init	8	static
../Core/Src/main.c:455:13:MX_GPIO_Init	56	static
../Core/Src/main.c:569:6:Error_Handler	4	static,ignoring_inline_asm
