../Core/Src/main.c:80:6:uart_rx_enable_it	8	static
../Core/Src/main.c:86:6:HAL_UART_RxCpltCallback	16	static
../Core/Src/main.c:94:6:HAL_TIM_PeriodElapsedCallback	16	static
../Core/Src/main.c:112:5:main	8	static
../Core/Src/main.c:166:6:SystemClock_Config	128	static
../Core/Src/main.c:215:13:MX_I2C1_Init	8	static
../Core/Src/main.c:260:13:MX_SPI1_Init	8	static
../Core/Src/main.c:298:13:MX_TIM1_Init	40	static
../Core/Src/main.c:342:13:MX_USART2_UART_Init	8	static
../Core/Src/main.c:375:13:MX_USB_PCD_Init	8	static
../Core/Src/main.c:404:13:MX_GPIO_Init	56	static
../Core/Src/main.c:522:6:Error_Handler	4	static,ignoring_inline_asm
