../Core/Src/program.c:29:6:seven_segment_display_decimal	24	static
../Core/Src/program.c:46:6:seven_segment_deactivate_digits	16	static
../Core/Src/program.c:53:6:seven_segment_deactivate_digit	16	static
../Core/Src/program.c:58:6:seven_segment_activate_digit	16	static
../Core/Src/program.c:65:6:seven_segment_set_num	40	static
../Core/Src/program.c:84:6:seven_segment_refresh	8	static
../Core/Src/program.c:124:10:convertBytesToUint64	32	static
../Core/Src/program.c:134:6:programInit	16	static
../Core/Src/program.c:140:6:programLoop	8	static
../Core/Src/program.c:147:6:HAL_GPIO_EXTI_Callback	16	static
../Core/Src/program.c:167:6:HAL_TIM_PeriodElapsedCallback	16	static
