../Core/Src/program.c:40:6:seven_segment_display_decimal	16	static
../Core/Src/program.c:55:6:seven_segment_deactivate_digits	16	static
../Core/Src/program.c:63:6:seven_segment_activate_digit	16	static
../Core/Src/program.c:77:6:seven_segment_set_num	24	static
../Core/Src/program.c:83:6:seven_segment_refresh	8	static
../Core/Src/program.c:101:6:programInit	8	static
../Core/Src/program.c:106:6:programLoop	8	static
../Core/Src/program.c:143:6:event	32	static
../Core/Src/program.c:166:6:HAL_GPIO_EXTI_Callback	16	static
