../Core/Src/stm32f3xx_it.c:145:6:PWM_Start	8	static
../Core/Src/stm32f3xx_it.c:152:6:PWM_Change_Tone	40	static
../Core/Src/stm32f3xx_it.c:211:6:NMI_Handler	4	static
../Core/Src/stm32f3xx_it.c:226:6:HardFault_Handler	4	static
../Core/Src/stm32f3xx_it.c:241:6:MemManage_Handler	4	static
../Core/Src/stm32f3xx_it.c:256:6:BusFault_Handler	4	static
../Core/Src/stm32f3xx_it.c:271:6:UsageFault_Handler	4	static
../Core/Src/stm32f3xx_it.c:286:6:SVC_Handler	4	static
../Core/Src/stm32f3xx_it.c:299:6:DebugMon_Handler	4	static
../Core/Src/stm32f3xx_it.c:312:6:PendSV_Handler	4	static
../Core/Src/stm32f3xx_it.c:325:6:SysTick_Handler	8	static
../Core/Src/stm32f3xx_it.c:351:6:TIM1_BRK_TIM15_IRQHandler	8	static
../Core/Src/stm32f3xx_it.c:365:6:TIM1_UP_TIM16_IRQHandler	8	static
../Core/Src/stm32f3xx_it.c:379:6:TIM1_TRG_COM_TIM17_IRQHandler	8	static
../Core/Src/stm32f3xx_it.c:393:6:TIM1_CC_IRQHandler	8	static
../Core/Src/stm32f3xx_it.c:407:6:USART1_IRQHandler	8	static
../Core/Src/stm32f3xx_it.c:422:6:uart_rx_enable_it	8	static
../Core/Src/stm32f3xx_it.c:430:6:HAL_UART_RxCpltCallback	16	static
../Core/Src/stm32f3xx_it.c:451:6:HAL_TIM_PeriodElapsedCallback	16	static
../Core/Src/stm32f3xx_it.c:462:6:strcomp	16	static
