../Core/Src/main.c:80:5:main	8	static
../Core/Src/main.c:132:6:SystemClock_Config	128	static
../Core/Src/main.c:184:13:MX_ADC3_Init	48	static
../Core/Src/main.c:250:13:MX_I2C1_Init	8	static
../Core/Src/main.c:298:13:MX_SPI1_Init	8	static
../Core/Src/main.c:338:13:MX_TIM2_Init	40	static
../Core/Src/main.c:383:13:MX_USART3_UART_Init	8	static
../Core/Src/main.c:418:13:MX_USB_PCD_Init	8	static
../Core/Src/main.c:449:13:MX_GPIO_Init	48	static
../Core/Src/main.c:508:6:Error_Handler	4	static,ignoring_inline_asm
