../Core/Src/main.c:82:5:main	8	static
../Core/Src/main.c:143:6:SystemClock_Config	128	static
../Core/Src/main.c:195:13:MX_ADC3_Init	48	static
../Core/Src/main.c:261:13:MX_I2C1_Init	8	static
../Core/Src/main.c:309:13:MX_SPI1_Init	8	static
../Core/Src/main.c:349:13:MX_TIM2_Init	40	static
../Core/Src/main.c:394:13:MX_TIM3_Init	64	static
../Core/Src/main.c:453:13:MX_USART3_UART_Init	8	static
../Core/Src/main.c:488:13:MX_USB_PCD_Init	8	static
../Core/Src/main.c:519:13:MX_GPIO_Init	48	static
../Core/Src/main.c:578:6:Error_Handler	4	static,ignoring_inline_asm
