../Core/Src/main.c:82:5:main	8	static
../Core/Src/main.c:145:6:SystemClock_Config	128	static
../Core/Src/main.c:199:13:MX_I2C1_Init	8	static
../Core/Src/main.c:247:13:MX_RTC_Init	32	static
../Core/Src/main.c:310:13:MX_SPI1_Init	8	static
../Core/Src/main.c:350:13:MX_TIM2_Init	40	static
../Core/Src/main.c:395:13:MX_TIM4_Init	40	static
../Core/Src/main.c:440:13:MX_USART1_UART_Init	8	static
../Core/Src/main.c:475:13:MX_USB_PCD_Init	8	static
../Core/Src/main.c:506:13:MX_GPIO_Init	56	static
../Core/Src/main.c:618:6:Error_Handler	4	static,ignoring_inline_asm
