../Core/Src/main.c:84:5:main	8	static
../Core/Src/main.c:153:6:SystemClock_Config	128	static
../Core/Src/main.c:207:13:MX_I2C1_Init	8	static
../Core/Src/main.c:255:13:MX_RTC_Init	32	static
../Core/Src/main.c:318:13:MX_SPI1_Init	8	static
../Core/Src/main.c:358:13:MX_TIM2_Init	40	static
../Core/Src/main.c:403:13:MX_TIM3_Init	64	static
../Core/Src/main.c:462:13:MX_TIM4_Init	40	static
../Core/Src/main.c:507:13:MX_USART3_UART_Init	8	static
../Core/Src/main.c:542:13:MX_USB_PCD_Init	8	static
../Core/Src/main.c:573:13:MX_GPIO_Init	56	static
../Core/Src/main.c:685:6:Error_Handler	4	static,ignoring_inline_asm
