../Core/Src/program.c:34:6:set_start_time	48	static
../Core/Src/program.c:45:6:set_start_day	32	static
../Core/Src/program.c:56:6:HAL_GPIO_EXTI_Callback	32	static
../Core/Src/program.c:519:6:seven_segment_display_decimal	16	static
../Core/Src/program.c:528:6:seven_segment_deactivate_digits	16	static
../Core/Src/program.c:534:6:seven_segment_activate_digit	16	static
../Core/Src/program.c:547:6:seven_segment_set_num	24	static
../Core/Src/program.c:553:6:seven_segment_refresh	8	static
../Core/Src/program.c:566:6:setNumber	48	static
../Core/Src/program.c:595:6:programInit	136	static
../Core/Src/program.c:633:6:starter	112	static
../Core/Src/program.c:662:6:init_board	48	static
../Core/Src/program.c:724:6:update_lcd	24	static
../Core/Src/program.c:794:6:about_page	216	static
../Core/Src/program.c:815:6:setting_page	176	static
../Core/Src/program.c:870:6:menu	8	static
../Core/Src/program.c:893:6:programLoop	8	static
../Core/Src/program.c:899:6:HAL_TIM_PeriodElapsedCallback	16	static
../Core/Src/program.c:918:6:change_dir	24	static
../Core/Src/program.c:938:6:boom	24	static
../Core/Src/program.c:971:6:collect	16	static
../Core/Src/program.c:995:6:test_shelik	56	static
../Core/Src/program.c:1185:6:endgame	128	static
../Core/Src/program.c:1206:6:move	88	static
../Core/Src/program.c:1294:6:uart_rx_enable_it	8	static
../Core/Src/program.c:1300:6:HAL_UART_RxCpltCallback	312	static
