../Core/Src/program.c:29:6:set_start_time	48	static
../Core/Src/program.c:40:6:HAL_GPIO_EXTI_Callback	32	static
../Core/Src/program.c:413:6:seven_segment_display_decimal	16	static
../Core/Src/program.c:422:6:seven_segment_deactivate_digits	16	static
../Core/Src/program.c:428:6:seven_segment_activate_digit	16	static
../Core/Src/program.c:441:6:seven_segment_set_num	24	static
../Core/Src/program.c:447:6:seven_segment_refresh	8	static
../Core/Src/program.c:460:6:setNumber	48	static
../Core/Src/program.c:479:6:programInit	24	static
../Core/Src/program.c:507:6:starter	112	static
../Core/Src/program.c:535:6:init_board	48	static
../Core/Src/program.c:595:6:update_lcd	16	static
../Core/Src/program.c:653:6:about_page	120	static
../Core/Src/program.c:668:6:setting_page	8	static
../Core/Src/program.c:704:6:menu	8	static
../Core/Src/program.c:727:6:programLoop	8	static
../Core/Src/program.c:732:6:HAL_TIM_PeriodElapsedCallback	16	static
../Core/Src/program.c:744:6:change_dir	24	static
../Core/Src/program.c:764:6:boom	16	static
../Core/Src/program.c:770:6:move	88	static
../Core/Src/program.c:854:6:uart_rx_enable_it	8	static
../Core/Src/program.c:858:6:HAL_UART_RxCpltCallback	120	static
