../Core/Src/program.c:29:6:set_start_time	48	static
../Core/Src/program.c:40:6:HAL_GPIO_EXTI_Callback	32	static
../Core/Src/program.c:413:6:seven_segment_display_decimal	16	static
../Core/Src/program.c:422:6:seven_segment_deactivate_digits	16	static
../Core/Src/program.c:428:6:seven_segment_activate_digit	16	static
../Core/Src/program.c:441:6:seven_segment_set_num	24	static
../Core/Src/program.c:447:6:seven_segment_refresh	8	static
../Core/Src/program.c:460:6:setNumber	48	static
../Core/Src/program.c:479:6:programInit	24	static
../Core/Src/program.c:508:6:starter	112	static
../Core/Src/program.c:536:6:init_board	48	static
../Core/Src/program.c:596:6:update_lcd	16	static
../Core/Src/program.c:647:6:about_page	120	static
../Core/Src/program.c:662:6:setting_page	8	static
../Core/Src/program.c:698:6:menu	8	static
../Core/Src/program.c:721:6:programLoop	8	static
../Core/Src/program.c:727:6:HAL_TIM_PeriodElapsedCallback	16	static
../Core/Src/program.c:739:6:change_dir	24	static
../Core/Src/program.c:759:6:boom	16	static
../Core/Src/program.c:766:6:collect	16	static
../Core/Src/program.c:790:6:move	88	static
../Core/Src/program.c:879:6:uart_rx_enable_it	8	static
../Core/Src/program.c:883:6:HAL_UART_RxCpltCallback	120	static
