../Core/Src/program.c:30:6:set_start_time	48	static
../Core/Src/program.c:41:6:set_start_day	32	static
../Core/Src/program.c:52:6:HAL_GPIO_EXTI_Callback	32	static
../Core/Src/program.c:432:6:seven_segment_display_decimal	16	static
../Core/Src/program.c:441:6:seven_segment_deactivate_digits	16	static
../Core/Src/program.c:447:6:seven_segment_activate_digit	16	static
../Core/Src/program.c:460:6:seven_segment_set_num	24	static
../Core/Src/program.c:466:6:seven_segment_refresh	8	static
../Core/Src/program.c:479:6:setNumber	48	static
../Core/Src/program.c:507:6:programInit	32	static
../Core/Src/program.c:545:6:starter	112	static
../Core/Src/program.c:573:6:init_board	48	static
../Core/Src/program.c:633:6:update_lcd	16	static
../Core/Src/program.c:684:6:about_page	216	static
../Core/Src/program.c:704:6:setting_page	8	static
../Core/Src/program.c:740:6:menu	8	static
../Core/Src/program.c:763:6:programLoop	8	static
../Core/Src/program.c:769:6:HAL_TIM_PeriodElapsedCallback	16	static
../Core/Src/program.c:783:6:change_dir	24	static
../Core/Src/program.c:803:6:boom	24	static
../Core/Src/program.c:819:6:collect	16	static
../Core/Src/program.c:843:6:move	88	static
../Core/Src/program.c:932:6:uart_rx_enable_it	8	static
../Core/Src/program.c:936:6:HAL_UART_RxCpltCallback	120	static
