../Core/Src/program.c:227:6:seven_segment_display_decimal	16	static
../Core/Src/program.c:236:6:seven_segment_deactivate_digits	16	static
../Core/Src/program.c:242:6:seven_segment_activate_digit	16	static
../Core/Src/program.c:255:6:seven_segment_set_num	24	static
../Core/Src/program.c:261:6:seven_segment_refresh	8	static
../Core/Src/program.c:274:6:setNumber	48	static
../Core/Src/program.c:293:6:programInit	24	static
../Core/Src/program.c:341:6:init_board	48	static
../Core/Src/program.c:393:6:update_board	16	static
../Core/Src/program.c:419:6:programLoop	8	static
../Core/Src/program.c:426:6:change_dir	24	static
../Core/Src/program.c:446:6:boom	16	static
../Core/Src/program.c:452:6:move	88	static
