../Core/Src/program.c:25:6:HAL_GPIO_EXTI_Callback	32	static
../Core/Src/program.c:378:6:seven_segment_display_decimal	16	static
../Core/Src/program.c:387:6:seven_segment_deactivate_digits	16	static
../Core/Src/program.c:393:6:seven_segment_activate_digit	16	static
../Core/Src/program.c:406:6:seven_segment_set_num	24	static
../Core/Src/program.c:412:6:seven_segment_refresh	8	static
../Core/Src/program.c:425:6:setNumber	48	static
../Core/Src/program.c:444:6:programInit	24	static
../Core/Src/program.c:472:6:starter	112	static
../Core/Src/program.c:500:6:init_board	48	static
../Core/Src/program.c:560:6:update_lcd	16	static
../Core/Src/program.c:594:6:remove_starter	112	static
../Core/Src/program.c:625:6:menu	8	static
../Core/Src/program.c:648:6:programLoop	8	static
../Core/Src/program.c:653:6:HAL_TIM_PeriodElapsedCallback	16	static
../Core/Src/program.c:662:6:change_dir	24	static
../Core/Src/program.c:682:6:boom	16	static
../Core/Src/program.c:688:6:move	88	static
