../Core/Src/program.c:32:6:set_start_time	48	static
../Core/Src/program.c:43:6:set_start_day	32	static
../Core/Src/program.c:54:6:HAL_GPIO_EXTI_Callback	32	static
../Core/Src/program.c:434:6:seven_segment_display_decimal	16	static
../Core/Src/program.c:443:6:seven_segment_deactivate_digits	16	static
../Core/Src/program.c:449:6:seven_segment_activate_digit	16	static
../Core/Src/program.c:462:6:seven_segment_set_num	24	static
../Core/Src/program.c:468:6:seven_segment_refresh	8	static
../Core/Src/program.c:481:6:setNumber	48	static
../Core/Src/program.c:509:6:programInit	32	static
../Core/Src/program.c:546:6:starter	112	static
../Core/Src/program.c:574:6:init_board	48	static
../Core/Src/program.c:634:6:update_lcd	16	static
../Core/Src/program.c:685:6:about_page	216	static
../Core/Src/program.c:706:6:setting_page	8	static
../Core/Src/program.c:742:6:menu	8	static
../Core/Src/program.c:765:6:programLoop	8	static
../Core/Src/program.c:771:6:HAL_TIM_PeriodElapsedCallback	16	static
../Core/Src/program.c:788:6:change_dir	24	static
../Core/Src/program.c:808:6:boom	24	static
../Core/Src/program.c:836:6:collect	16	static
../Core/Src/program.c:860:6:test_shelik	56	static
../Core/Src/program.c:1052:6:endgame	4	static
../Core/Src/program.c:1059:6:move	88	static
../Core/Src/program.c:1148:6:uart_rx_enable_it	8	static
../Core/Src/program.c:1152:6:HAL_UART_RxCpltCallback	120	static
