../Core/Src/program.c:34:6:set_start_time	48	static
../Core/Src/program.c:45:6:set_start_day	32	static
../Core/Src/program.c:56:6:HAL_GPIO_EXTI_Callback	32	static
../Core/Src/program.c:517:6:seven_segment_display_decimal	16	static
../Core/Src/program.c:526:6:seven_segment_deactivate_digits	16	static
../Core/Src/program.c:532:6:seven_segment_activate_digit	16	static
../Core/Src/program.c:545:6:seven_segment_set_num	24	static
../Core/Src/program.c:551:6:seven_segment_refresh	8	static
../Core/Src/program.c:564:6:setNumber	48	static
../Core/Src/program.c:593:6:programInit	32	static
../Core/Src/program.c:631:6:starter	112	static
../Core/Src/program.c:660:6:init_board	48	static
../Core/Src/program.c:721:6:update_lcd	24	static
../Core/Src/program.c:791:6:about_page	216	static
../Core/Src/program.c:812:6:setting_page	8	static
../Core/Src/program.c:848:6:menu	8	static
../Core/Src/program.c:871:6:programLoop	8	static
../Core/Src/program.c:877:6:HAL_TIM_PeriodElapsedCallback	16	static
../Core/Src/program.c:894:6:change_dir	24	static
../Core/Src/program.c:914:6:boom	24	static
../Core/Src/program.c:946:6:collect	16	static
../Core/Src/program.c:970:6:test_shelik	56	static
../Core/Src/program.c:1162:6:endgame	4	static
../Core/Src/program.c:1172:6:move	88	static
../Core/Src/program.c:1261:6:uart_rx_enable_it	8	static
../Core/Src/program.c:1265:6:HAL_UART_RxCpltCallback	120	static
