../Core/Src/program.c:25:6:HAL_GPIO_EXTI_Callback	32	static
../Core/Src/program.c:398:6:seven_segment_display_decimal	16	static
../Core/Src/program.c:407:6:seven_segment_deactivate_digits	16	static
../Core/Src/program.c:413:6:seven_segment_activate_digit	16	static
../Core/Src/program.c:426:6:seven_segment_set_num	24	static
../Core/Src/program.c:432:6:seven_segment_refresh	8	static
../Core/Src/program.c:445:6:setNumber	48	static
../Core/Src/program.c:464:6:programInit	24	static
../Core/Src/program.c:491:6:starter	112	static
../Core/Src/program.c:519:6:init_board	48	static
../Core/Src/program.c:579:6:update_lcd	16	static
../Core/Src/program.c:633:6:about_page	8	static
../Core/Src/program.c:673:6:menu	8	static
../Core/Src/program.c:696:6:programLoop	8	static
../Core/Src/program.c:701:6:HAL_TIM_PeriodElapsedCallback	16	static
../Core/Src/program.c:710:6:change_dir	24	static
../Core/Src/program.c:730:6:boom	16	static
../Core/Src/program.c:736:6:move	88	static
