../Core/Src/stm32f3xx_it.c:70:6:PWM_Start	8	static
../Core/Src/stm32f3xx_it.c:75:6:PWM_Change_Tone	40	static
../Core/Src/stm32f3xx_it.c:97:6:Change_Melody	16	static
../Core/Src/stm32f3xx_it.c:107:6:Update_Melody	16	static
../Core/Src/stm32f3xx_it.c:136:6:NMI_Handler	4	static
../Core/Src/stm32f3xx_it.c:151:6:HardFault_Handler	4	static
../Core/Src/stm32f3xx_it.c:166:6:MemManage_Handler	4	static
../Core/Src/stm32f3xx_it.c:181:6:BusFault_Handler	4	static
../Core/Src/stm32f3xx_it.c:196:6:UsageFault_Handler	4	static
../Core/Src/stm32f3xx_it.c:211:6:SVC_Handler	4	static
../Core/Src/stm32f3xx_it.c:224:6:DebugMon_Handler	4	static
../Core/Src/stm32f3xx_it.c:237:6:PendSV_Handler	4	static
../Core/Src/stm32f3xx_it.c:250:6:SysTick_Handler	8	static
../Core/Src/stm32f3xx_it.c:271:6:EXTI0_IRQHandler	8	static
../Core/Src/stm32f3xx_it.c:290:6:EXTI1_IRQHandler	8	static
../Core/Src/stm32f3xx_it.c:304:6:EXTI2_TSC_IRQHandler	8	static
../Core/Src/stm32f3xx_it.c:318:6:EXTI3_IRQHandler	8	static
../Core/Src/stm32f3xx_it.c:332:6:TIM2_IRQHandler	8	static
../Core/Src/stm32f3xx_it.c:346:6:TIM4_IRQHandler	8	static
../Core/Src/stm32f3xx_it.c:360:6:USART1_IRQHandler	8	static
