../Core/Src/stm32f3xx_it.c:70:6:PWM_Start	8	static
../Core/Src/stm32f3xx_it.c:75:6:PWM_Change_Tone	40	static
../Core/Src/stm32f3xx_it.c:97:6:Change_Melody	16	static
../Core/Src/stm32f3xx_it.c:107:6:Update_Melody	16	static
../Core/Src/stm32f3xx_it.c:140:6:NMI_Handler	4	static
../Core/Src/stm32f3xx_it.c:155:6:HardFault_Handler	4	static
../Core/Src/stm32f3xx_it.c:170:6:MemManage_Handler	4	static
../Core/Src/stm32f3xx_it.c:185:6:BusFault_Handler	4	static
../Core/Src/stm32f3xx_it.c:200:6:UsageFault_Handler	4	static
../Core/Src/stm32f3xx_it.c:215:6:SVC_Handler	4	static
../Core/Src/stm32f3xx_it.c:228:6:DebugMon_Handler	4	static
../Core/Src/stm32f3xx_it.c:241:6:PendSV_Handler	4	static
../Core/Src/stm32f3xx_it.c:254:6:SysTick_Handler	8	static
../Core/Src/stm32f3xx_it.c:275:6:EXTI0_IRQHandler	8	static
../Core/Src/stm32f3xx_it.c:294:6:EXTI1_IRQHandler	8	static
../Core/Src/stm32f3xx_it.c:308:6:EXTI2_TSC_IRQHandler	8	static
../Core/Src/stm32f3xx_it.c:322:6:EXTI3_IRQHandler	8	static
../Core/Src/stm32f3xx_it.c:336:6:TIM2_IRQHandler	8	static
../Core/Src/stm32f3xx_it.c:350:6:TIM4_IRQHandler	8	static
../Core/Src/stm32f3xx_it.c:364:6:USART3_IRQHandler	8	static
